// Jest Snapshot v1, https://goo.gl/fbAQLP

exports[`<Button /> snapshot 1`] = `
<styled__Wrapper
  onClick={[Function]}
  type="button"
/>
`;

exports[`<Button /> snapshot 2`] = `
<styled__Wrapper
  onClick={[Function]}
  type="button"
/>
`;
