// Jest Snapshot v1, https://goo.gl/fbAQLP

exports[`<Page /> snapshot 1`] = `
<styled__Wrapper>
  <styled__InnerWrapper
    className="_test-inner-wrapper"
  />
</styled__Wrapper>
`;
