// Jest Snapshot v1, https://goo.gl/fbAQLP

exports[`<FormError /> snapshot 1`] = `<styled__Wrapper />`;
